RAM Allocation [bytes]
Variable                                                                          Address   Size
------------------------------------------------------------------------------------------------

EEPROM Allocation [bytes]
Variable                                                                          Address   Size
------------------------------------------------------------------------------------------------

Register Allocation
Variable                                                                          Register  Size
------------------------------------------------------------------------------------------------

FLASH Allocation [words]
Function                                                                          Address   Size
------------------------------------------------------------------------------------------------
buzzer                                                                            0x00045      4
show8                                                                             0x00049     26
show5                                                                             0x00063     15
red                                                                               0x00072      5
yellow                                                                            0x00077      7
green                                                                             0x0007E      5
main                                                                              0x00083      9
